// Vitest Snapshot v1, https://vitest.dev/guide/snapshot.html

exports[`Shadow > creates a shadow 1`] = `
Visualization:

          
 0▱▥1▪◇▫  
▪ED▥93F5▫ 
▰C7▸◇▥▵□A1
F◇▦▾2A651▫
◆■B■■3F6▰▰
E▱▥!▸0■D6▫

Data:

00-00-00⁰⁰ 00-00-00⁰⁰ 00-00-00⁰⁰ 00-00-00⁰⁰ 00-00-00⁰⁰ 00-00-00⁰⁰ 00-00-00⁰⁰ 00-00-00⁰⁰ 00-00-00⁰⁰ 00-00-00⁰⁰
00-00-00⁰⁰ 04-04-00⁰² 0F-0F-00⁰ᵇ 20-20-02¹⁷ E4-E4-00ᶠᶠ E5-E5-00ᶠᶠ 18-18-01¹² 09-09-00⁰⁶ 00-00-00⁰⁰ 00-00-00⁰⁰
03-03-00⁰² 0D-0D-01⁰ᵃ 22-22-05¹ᶜ D8-D8-02ᶠᶠ 73-73-63ᶠᶠ 72-72-64ᶠᶠ DD-DD-01ᶠᶠ 18-18-03¹³ 07-07-00⁰⁵ 00-00-00⁰⁰
0B-0B-00⁰⁸ 20-20-05¹ᵃ D4-D4-03ᶠᶠ 75-75-5Dᶠᶠ 7C-7C-59ᶠᶠ 7A-7A-5Aᶠᶠ 73-73-60ᶠᶠ DB-DB-01ᶠᶠ 16-16-02¹⁰ 06-06-00⁰⁴
13-13-01⁰ᵉ 33-33-08²ᵃ 5D-5D-1A⁵⁴ C0-C0-19ᶠᶠ 89-89-5Dᶠᶠ 87-87-5Cᶠᶠ C2-C2-12ᶠᶠ 4E-4E-11⁴³ 25-25-04¹ᶜ 0B-0B-00⁰⁷
16-16-01¹⁰ 3A-3A-0A²ᶠ 65-65-1D⁵ᶜ 87-87-3A⁸⁷ BE-BE-30ᶠᶠ BE-BE-2Bᶠᶠ 7F-7F-2F⁷ᵃ 56-56-14⁴ᵃ 2A-2A-04²⁰ 0D-0D-00⁰⁹
0F-0F-01⁰ᵇ 2C-2C-07²⁴ 54-54-16⁴ᵃ 78-78-2D⁷³ 8B-8B-3C⁸ᵇ 87-87-38⁸⁶ 6E-6E-24⁶⁶ 45-45-0F³ᵃ 1E-1E-03¹⁷ 09-09-00⁰⁶
`;
