// Vitest Snapshot v1, https://vitest.dev/guide/snapshot.html

exports[`brightness > should be able to brighten 1`] = `
Visualization:

6666666666
6666666666
6666666666
6666666666
6666666666
6666666666
6666666666
6666666666
6666666666
6666666666

Data:

FF-00-00⁸⁸ FF-00-00⁸⁸ FF-00-00⁸⁸ FF-00-00⁸⁸ FF-00-00⁸⁸ FF-00-00⁸⁸ FF-00-00⁸⁸ FF-00-00⁸⁸ FF-00-00⁸⁸ FF-00-00⁸⁸
FF-00-00⁸⁸ FF-00-00⁸⁸ FF-00-00⁸⁸ FF-00-00⁸⁸ FF-00-00⁸⁸ FF-00-00⁸⁸ FF-00-00⁸⁸ FF-00-00⁸⁸ FF-00-00⁸⁸ FF-00-00⁸⁸
FF-00-00⁸⁸ FF-00-00⁸⁸ FF-00-00⁸⁸ FF-00-00⁸⁸ FF-00-00⁸⁸ FF-00-00⁸⁸ FF-00-00⁸⁸ FF-00-00⁸⁸ FF-00-00⁸⁸ FF-00-00⁸⁸
FF-00-00⁸⁸ FF-00-00⁸⁸ FF-00-00⁸⁸ FF-00-00⁸⁸ FF-00-00⁸⁸ FF-00-00⁸⁸ FF-00-00⁸⁸ FF-00-00⁸⁸ FF-00-00⁸⁸ FF-00-00⁸⁸
FF-00-00⁸⁸ FF-00-00⁸⁸ FF-00-00⁸⁸ FF-00-00⁸⁸ FF-00-00⁸⁸ FF-00-00⁸⁸ FF-00-00⁸⁸ FF-00-00⁸⁸ FF-00-00⁸⁸ FF-00-00⁸⁸
FF-00-00⁸⁸ FF-00-00⁸⁸ FF-00-00⁸⁸ FF-00-00⁸⁸ FF-00-00⁸⁸ FF-00-00⁸⁸ FF-00-00⁸⁸ FF-00-00⁸⁸ FF-00-00⁸⁸ FF-00-00⁸⁸
FF-00-00⁸⁸ FF-00-00⁸⁸ FF-00-00⁸⁸ FF-00-00⁸⁸ FF-00-00⁸⁸ FF-00-00⁸⁸ FF-00-00⁸⁸ FF-00-00⁸⁸ FF-00-00⁸⁸ FF-00-00⁸⁸
FF-00-00⁸⁸ FF-00-00⁸⁸ FF-00-00⁸⁸ FF-00-00⁸⁸ FF-00-00⁸⁸ FF-00-00⁸⁸ FF-00-00⁸⁸ FF-00-00⁸⁸ FF-00-00⁸⁸ FF-00-00⁸⁸
FF-00-00⁸⁸ FF-00-00⁸⁸ FF-00-00⁸⁸ FF-00-00⁸⁸ FF-00-00⁸⁸ FF-00-00⁸⁸ FF-00-00⁸⁸ FF-00-00⁸⁸ FF-00-00⁸⁸ FF-00-00⁸⁸
FF-00-00⁸⁸ FF-00-00⁸⁸ FF-00-00⁸⁸ FF-00-00⁸⁸ FF-00-00⁸⁸ FF-00-00⁸⁸ FF-00-00⁸⁸ FF-00-00⁸⁸ FF-00-00⁸⁸ FF-00-00⁸⁸
`;

exports[`brightness > should be able to darken 1`] = `
Visualization:

CCCCCCCCCC
CCCCCCCCCC
CCCCCCCCCC
CCCCCCCCCC
CCCCCCCCCC
CCCCCCCCCC
CCCCCCCCCC
CCCCCCCCCC
CCCCCCCCCC
CCCCCCCCCC

Data:

22-00-00⁸⁸ 22-00-00⁸⁸ 22-00-00⁸⁸ 22-00-00⁸⁸ 22-00-00⁸⁸ 22-00-00⁸⁸ 22-00-00⁸⁸ 22-00-00⁸⁸ 22-00-00⁸⁸ 22-00-00⁸⁸
22-00-00⁸⁸ 22-00-00⁸⁸ 22-00-00⁸⁸ 22-00-00⁸⁸ 22-00-00⁸⁸ 22-00-00⁸⁸ 22-00-00⁸⁸ 22-00-00⁸⁸ 22-00-00⁸⁸ 22-00-00⁸⁸
22-00-00⁸⁸ 22-00-00⁸⁸ 22-00-00⁸⁸ 22-00-00⁸⁸ 22-00-00⁸⁸ 22-00-00⁸⁸ 22-00-00⁸⁸ 22-00-00⁸⁸ 22-00-00⁸⁸ 22-00-00⁸⁸
22-00-00⁸⁸ 22-00-00⁸⁸ 22-00-00⁸⁸ 22-00-00⁸⁸ 22-00-00⁸⁸ 22-00-00⁸⁸ 22-00-00⁸⁸ 22-00-00⁸⁸ 22-00-00⁸⁸ 22-00-00⁸⁸
22-00-00⁸⁸ 22-00-00⁸⁸ 22-00-00⁸⁸ 22-00-00⁸⁸ 22-00-00⁸⁸ 22-00-00⁸⁸ 22-00-00⁸⁸ 22-00-00⁸⁸ 22-00-00⁸⁸ 22-00-00⁸⁸
22-00-00⁸⁸ 22-00-00⁸⁸ 22-00-00⁸⁸ 22-00-00⁸⁸ 22-00-00⁸⁸ 22-00-00⁸⁸ 22-00-00⁸⁸ 22-00-00⁸⁸ 22-00-00⁸⁸ 22-00-00⁸⁸
22-00-00⁸⁸ 22-00-00⁸⁸ 22-00-00⁸⁸ 22-00-00⁸⁸ 22-00-00⁸⁸ 22-00-00⁸⁸ 22-00-00⁸⁸ 22-00-00⁸⁸ 22-00-00⁸⁸ 22-00-00⁸⁸
22-00-00⁸⁸ 22-00-00⁸⁸ 22-00-00⁸⁸ 22-00-00⁸⁸ 22-00-00⁸⁸ 22-00-00⁸⁸ 22-00-00⁸⁸ 22-00-00⁸⁸ 22-00-00⁸⁸ 22-00-00⁸⁸
22-00-00⁸⁸ 22-00-00⁸⁸ 22-00-00⁸⁸ 22-00-00⁸⁸ 22-00-00⁸⁸ 22-00-00⁸⁸ 22-00-00⁸⁸ 22-00-00⁸⁸ 22-00-00⁸⁸ 22-00-00⁸⁸
22-00-00⁸⁸ 22-00-00⁸⁸ 22-00-00⁸⁸ 22-00-00⁸⁸ 22-00-00⁸⁸ 22-00-00⁸⁸ 22-00-00⁸⁸ 22-00-00⁸⁸ 22-00-00⁸⁸ 22-00-00⁸⁸
`;

exports[`canvas color transformation > brighten 1`] = `
Visualization:

7777777777
777▫FF▫777
77FFFFFF77
7▫FF▫▫FF▫7
7FF▫77▫FF7
7FF▫77▫FF7
7▫FF▫▫FF▫7
77FFFFFF77
777▫FF▫777
7777777777

Data:

40-40-40⁰⁰ 40-40-40⁰⁰ 40-40-40⁰⁰ 40-40-40⁰⁰ 40-40-40⁰⁰ 40-40-40⁰⁰ 40-40-40⁰⁰ 40-40-40⁰⁰ 40-40-40⁰⁰ 40-40-40⁰⁰
40-40-40⁰⁰ 40-40-40⁰⁰ 40-40-40⁰⁰ FF-40-40⁸⁸ FF-40-40ᶠᶠ FF-40-40ᶠᶠ FF-40-40⁸⁸ 40-40-40⁰⁰ 40-40-40⁰⁰ 40-40-40⁰⁰
40-40-40⁰⁰ 40-40-40⁰⁰ FF-40-40ᶠᶠ FF-40-40ᶠᶠ FF-40-40ᶠᶠ FF-40-40ᶠᶠ FF-40-40ᶠᶠ FF-40-40ᶠᶠ 40-40-40⁰⁰ 40-40-40⁰⁰
40-40-40⁰⁰ FF-40-40⁸⁸ FF-40-40ᶠᶠ FF-40-40ᶠᶠ FF-40-40⁸⁸ FF-40-40⁸⁸ FF-40-40ᶠᶠ FF-40-40ᶠᶠ FF-40-40⁸⁸ 40-40-40⁰⁰
40-40-40⁰⁰ FF-40-40ᶠᶠ FF-40-40ᶠᶠ FF-40-40⁸⁸ 40-40-40⁰⁰ 40-40-40⁰⁰ FF-40-40⁸⁸ FF-40-40ᶠᶠ FF-40-40ᶠᶠ 40-40-40⁰⁰
40-40-40⁰⁰ FF-40-40ᶠᶠ FF-40-40ᶠᶠ FF-40-40⁸⁸ 40-40-40⁰⁰ 40-40-40⁰⁰ FF-40-40⁸⁸ FF-40-40ᶠᶠ FF-40-40ᶠᶠ 40-40-40⁰⁰
40-40-40⁰⁰ FF-40-40⁸⁸ FF-40-40ᶠᶠ FF-40-40ᶠᶠ FF-40-40⁸⁸ FF-40-40⁸⁸ FF-40-40ᶠᶠ FF-40-40ᶠᶠ FF-40-40⁸⁸ 40-40-40⁰⁰
40-40-40⁰⁰ 40-40-40⁰⁰ FF-40-40ᶠᶠ FF-40-40ᶠᶠ FF-40-40ᶠᶠ FF-40-40ᶠᶠ FF-40-40ᶠᶠ FF-40-40ᶠᶠ 40-40-40⁰⁰ 40-40-40⁰⁰
40-40-40⁰⁰ 40-40-40⁰⁰ 40-40-40⁰⁰ FF-40-40⁸⁸ FF-40-40ᶠᶠ FF-40-40ᶠᶠ FF-40-40⁸⁸ 40-40-40⁰⁰ 40-40-40⁰⁰ 40-40-40⁰⁰
40-40-40⁰⁰ 40-40-40⁰⁰ 40-40-40⁰⁰ 40-40-40⁰⁰ 40-40-40⁰⁰ 40-40-40⁰⁰ 40-40-40⁰⁰ 40-40-40⁰⁰ 40-40-40⁰⁰ 40-40-40⁰⁰
`;

exports[`canvas color transformation > can apply more than one color transformation 1`] = `
Visualization:

7777777777
7779■■9777
77■■■■■■77
79■■99■■97
7■■9779■■7
7■■9779■■7
79■■99■■97
77■■■■■■77
7779■■9777
7777777777

Data:

40-40-40⁰⁰ 40-40-40⁰⁰ 40-40-40⁰⁰ 40-40-40⁰⁰ 40-40-40⁰⁰ 40-40-40⁰⁰ 40-40-40⁰⁰ 40-40-40⁰⁰ 40-40-40⁰⁰ 40-40-40⁰⁰
40-40-40⁰⁰ 40-40-40⁰⁰ 40-40-40⁰⁰ 80-FF-FF⁸⁸ 80-FF-FFᶠᶠ 80-FF-FFᶠᶠ 80-FF-FF⁸⁸ 40-40-40⁰⁰ 40-40-40⁰⁰ 40-40-40⁰⁰
40-40-40⁰⁰ 40-40-40⁰⁰ 80-FF-FFᶠᶠ 80-FF-FFᶠᶠ 80-FF-FFᶠᶠ 80-FF-FFᶠᶠ 80-FF-FFᶠᶠ 80-FF-FFᶠᶠ 40-40-40⁰⁰ 40-40-40⁰⁰
40-40-40⁰⁰ 80-FF-FF⁸⁸ 80-FF-FFᶠᶠ 80-FF-FFᶠᶠ 80-FF-FF⁸⁸ 80-FF-FF⁸⁸ 80-FF-FFᶠᶠ 80-FF-FFᶠᶠ 80-FF-FF⁸⁸ 40-40-40⁰⁰
40-40-40⁰⁰ 80-FF-FFᶠᶠ 80-FF-FFᶠᶠ 80-FF-FF⁸⁸ 40-40-40⁰⁰ 40-40-40⁰⁰ 80-FF-FF⁸⁸ 80-FF-FFᶠᶠ 80-FF-FFᶠᶠ 40-40-40⁰⁰
40-40-40⁰⁰ 80-FF-FFᶠᶠ 80-FF-FFᶠᶠ 80-FF-FF⁸⁸ 40-40-40⁰⁰ 40-40-40⁰⁰ 80-FF-FF⁸⁸ 80-FF-FFᶠᶠ 80-FF-FFᶠᶠ 40-40-40⁰⁰
40-40-40⁰⁰ 80-FF-FF⁸⁸ 80-FF-FFᶠᶠ 80-FF-FFᶠᶠ 80-FF-FF⁸⁸ 80-FF-FF⁸⁸ 80-FF-FFᶠᶠ 80-FF-FFᶠᶠ 80-FF-FF⁸⁸ 40-40-40⁰⁰
40-40-40⁰⁰ 40-40-40⁰⁰ 80-FF-FFᶠᶠ 80-FF-FFᶠᶠ 80-FF-FFᶠᶠ 80-FF-FFᶠᶠ 80-FF-FFᶠᶠ 80-FF-FFᶠᶠ 40-40-40⁰⁰ 40-40-40⁰⁰
40-40-40⁰⁰ 40-40-40⁰⁰ 40-40-40⁰⁰ 80-FF-FF⁸⁸ 80-FF-FFᶠᶠ 80-FF-FFᶠᶠ 80-FF-FF⁸⁸ 40-40-40⁰⁰ 40-40-40⁰⁰ 40-40-40⁰⁰
40-40-40⁰⁰ 40-40-40⁰⁰ 40-40-40⁰⁰ 40-40-40⁰⁰ 40-40-40⁰⁰ 40-40-40⁰⁰ 40-40-40⁰⁰ 40-40-40⁰⁰ 40-40-40⁰⁰ 40-40-40⁰⁰
`;

exports[`canvas color transformation > lighten 1`] = `
Visualization:

7777777777
777E▵▵E777
77▵▵▵▵▵▵77
7E▵▵EE▵▵E7
7▵▵E77E▵▵7
7▵▵E77E▵▵7
7E▵▵EE▵▵E7
77▵▵▵▵▵▵77
777E▵▵E777
7777777777

Data:

40-40-40⁰⁰ 40-40-40⁰⁰ 40-40-40⁰⁰ 40-40-40⁰⁰ 40-40-40⁰⁰ 40-40-40⁰⁰ 40-40-40⁰⁰ 40-40-40⁰⁰ 40-40-40⁰⁰ 40-40-40⁰⁰
40-40-40⁰⁰ 40-40-40⁰⁰ 40-40-40⁰⁰ FF-80-80⁸⁸ FF-80-80ᶠᶠ FF-80-80ᶠᶠ FF-80-80⁸⁸ 40-40-40⁰⁰ 40-40-40⁰⁰ 40-40-40⁰⁰
40-40-40⁰⁰ 40-40-40⁰⁰ FF-80-80ᶠᶠ FF-80-80ᶠᶠ FF-80-80ᶠᶠ FF-80-80ᶠᶠ FF-80-80ᶠᶠ FF-80-80ᶠᶠ 40-40-40⁰⁰ 40-40-40⁰⁰
40-40-40⁰⁰ FF-80-80⁸⁸ FF-80-80ᶠᶠ FF-80-80ᶠᶠ FF-80-80⁸⁸ FF-80-80⁸⁸ FF-80-80ᶠᶠ FF-80-80ᶠᶠ FF-80-80⁸⁸ 40-40-40⁰⁰
40-40-40⁰⁰ FF-80-80ᶠᶠ FF-80-80ᶠᶠ FF-80-80⁸⁸ 40-40-40⁰⁰ 40-40-40⁰⁰ FF-80-80⁸⁸ FF-80-80ᶠᶠ FF-80-80ᶠᶠ 40-40-40⁰⁰
40-40-40⁰⁰ FF-80-80ᶠᶠ FF-80-80ᶠᶠ FF-80-80⁸⁸ 40-40-40⁰⁰ 40-40-40⁰⁰ FF-80-80⁸⁸ FF-80-80ᶠᶠ FF-80-80ᶠᶠ 40-40-40⁰⁰
40-40-40⁰⁰ FF-80-80⁸⁸ FF-80-80ᶠᶠ FF-80-80ᶠᶠ FF-80-80⁸⁸ FF-80-80⁸⁸ FF-80-80ᶠᶠ FF-80-80ᶠᶠ FF-80-80⁸⁸ 40-40-40⁰⁰
40-40-40⁰⁰ 40-40-40⁰⁰ FF-80-80ᶠᶠ FF-80-80ᶠᶠ FF-80-80ᶠᶠ FF-80-80ᶠᶠ FF-80-80ᶠᶠ FF-80-80ᶠᶠ 40-40-40⁰⁰ 40-40-40⁰⁰
40-40-40⁰⁰ 40-40-40⁰⁰ 40-40-40⁰⁰ FF-80-80⁸⁸ FF-80-80ᶠᶠ FF-80-80ᶠᶠ FF-80-80⁸⁸ 40-40-40⁰⁰ 40-40-40⁰⁰ 40-40-40⁰⁰
40-40-40⁰⁰ 40-40-40⁰⁰ 40-40-40⁰⁰ 40-40-40⁰⁰ 40-40-40⁰⁰ 40-40-40⁰⁰ 40-40-40⁰⁰ 40-40-40⁰⁰ 40-40-40⁰⁰ 40-40-40⁰⁰
`;

exports[`canvas color transformation > spin hue 1`] = `
Visualization:

          
   ▩33▩   
  333333  
 ▩33▩▩33▩ 
 33▩  ▩33 
 33▩  ▩33 
 ▩33▩▩33▩ 
  333333  
   ▩33▩   
          

Data:

00-00-00⁰⁰ 00-00-00⁰⁰ 00-00-00⁰⁰ 00-00-00⁰⁰ 00-00-00⁰⁰ 00-00-00⁰⁰ 00-00-00⁰⁰ 00-00-00⁰⁰ 00-00-00⁰⁰ 00-00-00⁰⁰
00-00-00⁰⁰ 00-00-00⁰⁰ 00-00-00⁰⁰ 00-FF-80⁸⁸ 00-FF-80ᶠᶠ 00-FF-80ᶠᶠ 00-FF-80⁸⁸ 00-00-00⁰⁰ 00-00-00⁰⁰ 00-00-00⁰⁰
00-00-00⁰⁰ 00-00-00⁰⁰ 00-FF-80ᶠᶠ 00-FF-80ᶠᶠ 00-FF-80ᶠᶠ 00-FF-80ᶠᶠ 00-FF-80ᶠᶠ 00-FF-80ᶠᶠ 00-00-00⁰⁰ 00-00-00⁰⁰
00-00-00⁰⁰ 00-FF-80⁸⁸ 00-FF-80ᶠᶠ 00-FF-80ᶠᶠ 00-FF-80⁸⁸ 00-FF-80⁸⁸ 00-FF-80ᶠᶠ 00-FF-80ᶠᶠ 00-FF-80⁸⁸ 00-00-00⁰⁰
00-00-00⁰⁰ 00-FF-80ᶠᶠ 00-FF-80ᶠᶠ 00-FF-80⁸⁸ 00-00-00⁰⁰ 00-00-00⁰⁰ 00-FF-80⁸⁸ 00-FF-80ᶠᶠ 00-FF-80ᶠᶠ 00-00-00⁰⁰
00-00-00⁰⁰ 00-FF-80ᶠᶠ 00-FF-80ᶠᶠ 00-FF-80⁸⁸ 00-00-00⁰⁰ 00-00-00⁰⁰ 00-FF-80⁸⁸ 00-FF-80ᶠᶠ 00-FF-80ᶠᶠ 00-00-00⁰⁰
00-00-00⁰⁰ 00-FF-80⁸⁸ 00-FF-80ᶠᶠ 00-FF-80ᶠᶠ 00-FF-80⁸⁸ 00-FF-80⁸⁸ 00-FF-80ᶠᶠ 00-FF-80ᶠᶠ 00-FF-80⁸⁸ 00-00-00⁰⁰
00-00-00⁰⁰ 00-00-00⁰⁰ 00-FF-80ᶠᶠ 00-FF-80ᶠᶠ 00-FF-80ᶠᶠ 00-FF-80ᶠᶠ 00-FF-80ᶠᶠ 00-FF-80ᶠᶠ 00-00-00⁰⁰ 00-00-00⁰⁰
00-00-00⁰⁰ 00-00-00⁰⁰ 00-00-00⁰⁰ 00-FF-80⁸⁸ 00-FF-80ᶠᶠ 00-FF-80ᶠᶠ 00-FF-80⁸⁸ 00-00-00⁰⁰ 00-00-00⁰⁰ 00-00-00⁰⁰
00-00-00⁰⁰ 00-00-00⁰⁰ 00-00-00⁰⁰ 00-00-00⁰⁰ 00-00-00⁰⁰ 00-00-00⁰⁰ 00-00-00⁰⁰ 00-00-00⁰⁰ 00-00-00⁰⁰ 00-00-00⁰⁰
`;
